// Jest Snapshot v1, https://goo.gl/fbAQLP

exports[`About component renders 1`] = `
<About
  classes={
    Object {
      "root": "About-root-1",
    }
  }
/>
`;
