// Jest Snapshot v1, https://goo.gl/fbAQLP

exports[`Experimental component renders 1`] = `
<Experimental
  classes={
    Object {
      "root": "Experimental-root-1",
    }
  }
/>
`;
