// Jest Snapshot v1, https://goo.gl/fbAQLP

exports[`Home component renders 1`] = `
<Home
  classes={
    Object {
      "paperFade": "Home-paperFade-2",
      "root": "Home-root-1",
    }
  }
/>
`;
